\BOOKMARK [1][-]{section.1}{\376\377\225\356\230\230\200\314\146\157\116\016\221\315\217\360}{}% 1
\BOOKMARK [2][-]{subsection.1.1}{\376\377\225\356\230\230\116\000\377\032\147\000\117\116\123\357\210\114\147\072\226\037\116\016\147\000\131\047\133\214\142\020\145\366\225\364}{section.1}% 2
\BOOKMARK [2][-]{subsection.1.2}{\376\377\225\356\230\230\116\214\377\032\126\372\133\232\147\072\226\037\166\204\135\345\117\134\127\107\210\141}{section.1}% 3
\BOOKMARK [2][-]{subsection.1.3}{\376\377\225\356\230\230\116\011\377\032\122\250\140\001\171\201\230\336\123\072\116\013\166\204\145\366\172\172\221\315\211\304\122\022}{section.1}% 4
\BOOKMARK [1][-]{section.2}{\376\377\145\160\143\156\164\006\211\343\116\016\140\073\117\123\140\035\215\357}{}% 5
\BOOKMARK [2][-]{subsection.2.1}{\376\377\226\104\116\366\145\160\143\156\116\016\123\125\117\115\176\337\116\000}{section.2}% 6
\BOOKMARK [2][-]{subsection.2.2}{\376\377\176\337\116\000\154\102\211\343\150\106\147\266}{section.2}% 7
\BOOKMARK [1][-]{section.3}{\376\377\152\041\127\213\120\107\213\276\116\016\173\046\123\367\213\364\146\016}{}% 8
\BOOKMARK [2][-]{subsection.3.1}{\376\377\127\372\147\054\120\107\213\276}{section.3}% 9
\BOOKMARK [2][-]{subsection.3.2}{\376\377\226\306\124\010\060\001\123\302\145\160\116\016\123\330\221\317}{section.3}% 10
\BOOKMARK [2][-]{subsection.3.3}{\376\377\116\011\225\356\176\347\142\177\121\163\174\373}{section.3}% 11
\BOOKMARK [1][-]{section.4}{\376\377\225\356\230\230\116\000\377\032\147\000\117\116\123\357\210\114\147\072\226\037\116\016\147\000\131\047\135\345\117\134\145\366\225\364}{}% 12
\BOOKMARK [2][-]{subsection.4.1}{\376\377\116\373\122\241\134\125\137\000\116\016\147\011\145\110\122\060\217\276\176\246\147\137}{section.4}% 13
\BOOKMARK [2][-]{subsection.4.2}{\376\377\166\356\150\007\121\375\145\160\116\016\176\246\147\137}{section.4}% 14
\BOOKMARK [2][-]{subsection.4.3}{\376\377\154\102\211\343\155\101\172\013}{section.4}% 15
\BOOKMARK [2][-]{subsection.4.4}{\376\377\225\356\230\230\116\000\176\323\147\234}{section.4}% 16
\BOOKMARK [1][-]{section.5}{\376\377\225\356\230\230\116\214\377\032\126\372\133\232\147\072\226\037\166\204\215\037\217\175\127\107\210\141}{}% 17
\BOOKMARK [2][-]{subsection.5.1}{\376\377\176\347\142\177\121\163\174\373\116\016\133\127\121\170\136\217\166\356\150\007}{section.5}% 18
\BOOKMARK [2][-]{subsection.5.2}{\376\377\215\350\215\357\176\277\220\273\127\337\144\034\175\042}{section.5}% 19
\BOOKMARK [2][-]{subsection.5.3}{\376\377\225\356\230\230\116\214\176\323\147\234\116\016\127\107\210\141\211\343\221\312}{section.5}% 20
\BOOKMARK [1][-]{section.6}{\376\377\225\356\230\230\116\011\377\032\122\250\140\001\171\201\230\336\123\072\116\013\166\204\145\366\172\172\215\357\137\204\117\030\123\026}{}% 21
\BOOKMARK [2][-]{subsection.6.1}{\376\377\121\340\117\125\166\370\116\244\116\016\145\366\225\364\221\315\123\340}{section.6}% 22
\BOOKMARK [2][-]{subsection.6.2}{\376\377\173\111\137\205\060\001\176\325\210\114\116\016\202\202\160\271\133\211\121\150}{section.6}% 23
\BOOKMARK [2][-]{subsection.6.3}{\376\377\154\102\211\343\155\101\172\013\116\016\147\072\226\037\131\004\164\006}{section.6}% 24
\BOOKMARK [2][-]{subsection.6.4}{\376\377\225\356\230\230\116\011\176\323\147\234}{section.6}% 25
\BOOKMARK [1][-]{section.7}{\376\377\217\320\210\114\172\063\133\232\140\047\116\016\176\323\147\234\150\070\232\214}{}% 26
\BOOKMARK [2][-]{subsection.7.1}{\376\377\123\357\131\015\163\260\217\320\210\114}{section.7}% 27
\BOOKMARK [2][-]{subsection.7.2}{\376\377\164\006\213\272\116\013\165\114\116\016\147\000\117\116\123\357\210\114\145\160\221\317\166\204\123\072\122\006}{section.7}% 28
\BOOKMARK [2][-]{subsection.7.3}{\376\377\147\052\217\320\210\114\133\236\232\214\166\204\217\271\165\114}{section.7}% 29
\BOOKMARK [1][-]{section.8}{\376\377\152\041\127\213\213\304\116\367\116\016\176\323\213\272}{}% 30
\BOOKMARK [2][-]{subsection.8.1}{\376\377\152\041\127\213\117\030\160\271}{section.8}% 31
\BOOKMARK [2][-]{subsection.8.2}{\376\377\152\041\127\213\116\015\215\263}{section.8}% 32
\BOOKMARK [2][-]{subsection.8.3}{\376\377\116\073\211\201\176\323\213\272}{section.8}% 33
\BOOKMARK [1][-]{section*.2}{\376\377\123\302\200\003\145\207\163\056}{}% 34
